
> react-kavia@0.1.0 start
> react-scripts start

(node:1925) [DEP_WEBPACK_DEV_SERVER_ON_AFTER_SETUP_MIDDLEWARE] DeprecationWarning: 'onAfterSetupMiddleware' option is deprecated. Please use the 'setupMiddlewares' option.
(Use `node --trace-deprecation ...` to show where the warning was created)
(node:1925) [DEP_WEBPACK_DEV_SERVER_ON_BEFORE_SETUP_MIDDLEWARE] DeprecationWarning: 'onBeforeSetupMiddleware' option is deprecated. Please use the 'setupMiddlewares' option.
Starting the development server...

Compiled successfully!

You can now view react-kavia in the browser.

  Local:            http://localhost:3000
  On Your Network:  http://172.17.0.2:3000

Note that the development build is not optimized.
To create a production build, use npm run build.

webpack compiled successfully
Compiling...
Failed to compile.

Module not found: Error: Can't resolve '@fullcalendar/react' in '/home/kavia/workspace/code-generation/colorcategorizedeventscheduler-27342-3873e285/color_categorized_event_scheduler/src'
ERROR in ./src/ColorCategorizedEventScheduler.js 9:0-47
Module not found: Error: Can't resolve '@fullcalendar/react' in '/home/kavia/workspace/code-generation/colorcategorizedeventscheduler-27342-3873e285/color_categorized_event_scheduler/src'

ERROR in ./src/ColorCategorizedEventScheduler.js 10:0-50
Module not found: Error: Can't resolve '@fullcalendar/daygrid' in '/home/kavia/workspace/code-generation/colorcategorizedeventscheduler-27342-3873e285/color_categorized_event_scheduler/src'

ERROR in ./src/ColorCategorizedEventScheduler.js 11:0-52
Module not found: Error: Can't resolve '@fullcalendar/timegrid' in '/home/kavia/workspace/code-generation/colorcategorizedeventscheduler-27342-3873e285/color_categorized_event_scheduler/src'

ERROR in ./src/ColorCategorizedEventScheduler.js 12:0-58
Module not found: Error: Can't resolve '@fullcalendar/interaction' in '/home/kavia/workspace/code-generation/colorcategorizedeventscheduler-27342-3873e285/color_categorized_event_scheduler/src'

ERROR in ./src/ColorCategorizedEventScheduler.js 14:0-37
Module not found: Error: Can't resolve '@fullcalendar/core/main.css' in '/home/kavia/workspace/code-generation/colorcategorizedeventscheduler-27342-3873e285/color_categorized_event_scheduler/src'

ERROR in ./src/ColorCategorizedEventScheduler.js 15:0-40
Module not found: Error: Can't resolve '@fullcalendar/daygrid/main.css' in '/home/kavia/workspace/code-generation/colorcategorizedeventscheduler-27342-3873e285/color_categorized_event_scheduler/src'

ERROR in ./src/ColorCategorizedEventScheduler.js 16:0-41
Module not found: Error: Can't resolve '@fullcalendar/timegrid/main.css' in '/home/kavia/workspace/code-generation/colorcategorizedeventscheduler-27342-3873e285/color_categorized_event_scheduler/src'

webpack compiled with 7 errors
Compiling...
Failed to compile.

Module not found: Error: Can't resolve '@fullcalendar/react' in '/home/kavia/workspace/code-generation/colorcategorizedeventscheduler-27342-3873e285/color_categorized_event_scheduler/src'
ERROR in ./src/ColorCategorizedEventScheduler.js 9:0-47
Module not found: Error: Can't resolve '@fullcalendar/react' in '/home/kavia/workspace/code-generation/colorcategorizedeventscheduler-27342-3873e285/color_categorized_event_scheduler/src'

ERROR in ./src/ColorCategorizedEventScheduler.js 10:0-50
Module not found: Error: Can't resolve '@fullcalendar/daygrid' in '/home/kavia/workspace/code-generation/colorcategorizedeventscheduler-27342-3873e285/color_categorized_event_scheduler/src'

ERROR in ./src/ColorCategorizedEventScheduler.js 11:0-52
Module not found: Error: Can't resolve '@fullcalendar/timegrid' in '/home/kavia/workspace/code-generation/colorcategorizedeventscheduler-27342-3873e285/color_categorized_event_scheduler/src'

ERROR in ./src/ColorCategorizedEventScheduler.js 12:0-58
Module not found: Error: Can't resolve '@fullcalendar/interaction' in '/home/kavia/workspace/code-generation/colorcategorizedeventscheduler-27342-3873e285/color_categorized_event_scheduler/src'

ERROR in ./src/ColorCategorizedEventScheduler.js 14:0-37
Module not found: Error: Can't resolve '@fullcalendar/core/main.css' in '/home/kavia/workspace/code-generation/colorcategorizedeventscheduler-27342-3873e285/color_categorized_event_scheduler/src'

ERROR in ./src/ColorCategorizedEventScheduler.js 15:0-40
Module not found: Error: Can't resolve '@fullcalendar/daygrid/main.css' in '/home/kavia/workspace/code-generation/colorcategorizedeventscheduler-27342-3873e285/color_categorized_event_scheduler/src'

ERROR in ./src/ColorCategorizedEventScheduler.js 16:0-41
Module not found: Error: Can't resolve '@fullcalendar/timegrid/main.css' in '/home/kavia/workspace/code-generation/colorcategorizedeventscheduler-27342-3873e285/color_categorized_event_scheduler/src'

webpack compiled with 7 errors
